04-26 01:43:47.979 22053 25904 W secondary_dns: 	at libcore.io.IoBridge.sendto(IoBridge.java:688)
04-26 01:43:47.979 22053 25904 W secondary_dns: 	at java.net.PlainDatagramSocketImpl.send(PlainDatagramSocketImpl.java:126)
04-26 01:43:47.979 22053 25904 W secondary_dns: 	at java.net.DatagramSocket.send(DatagramSocket.java:723)
04-26 01:43:47.979 22053 25904 W secondary_dns: 	at X.0Fnu.A00(Unknown Source:534)
04-26 01:43:47.979 22053 25904 W secondary_dns: 	at X.06PT.call(Unknown Source:6)
04-26 01:43:47.979 22053 25904 W secondary_dns: 	at java.util.concurrent.FutureTask.run(FutureTask.java:317)
04-26 01:43:47.979 22053 25904 W secondary_dns: 	at X.00GY.run(Unknown Source:2)
04-26 01:43:47.979 22053 25904 W secondary_dns: 	at X.01ms.run(:25)
04-26 01:43:47.979 22053 25904 W secondary_dns: 	at java.util.concurrent.ThreadPoolExecutor.runWorker(ThreadPoolExecutor.java:1154)
04-26 01:43:47.979 22053 25904 W secondary_dns: 	at java.util.concurrent.ThreadPoolExecutor$Worker.run(ThreadPoolExecutor.java:652)
04-26 01:43:47.979 22053 25904 W secondary_dns: 	at X.01mx.run(:113)
04-26 01:43:47.979 22053 25904 W secondary_dns: 	at java.lang.Thread.run(Thread.java:1563)
04-26 01:43:47.979 22053 25904 W secondary_dns: 	at X.01my.run(:8)
04-26 01:43:47.979 22053 25904 W secondary_dns: Caused by: android.system.ErrnoException: sendto failed: EPERM (Operation not permitted)
04-26 01:43:47.979 22053 25904 W secondary_dns: 	at libcore.io.Linux.sendtoBytes(Native Method)
04-26 01:43:47.979 22053 25904 W secondary_dns: 	at libcore.io.Linux.sendto(Linux.java:276)
04-26 01:43:47.979 22053 25904 W secondary_dns: 	at libcore.io.ForwardingOs.sendto(ForwardingOs.java:729)
04-26 01:43:47.979 22053 25904 W secondary_dns: 	at libcore.io.BlockGuardOs.sendto(BlockGuardOs.java:398)
04-26 01:43:47.979 22053 25904 W secondary_dns: 	at libcore.io.ForwardingOs.sendto(ForwardingOs.java:729)
04-26 01:43:47.979 22053 25904 W secondary_dns: 	at libcore.io.IoBridge.sendto(IoBridge.java:686)
04-26 01:43:47.979 22053 25904 W secondary_dns: 	... 12 more
04-26 01:43:47.985 22053 25904 W secondary_dns: I/O Exception while trying to resolve z-p42-chat-e2ee-ig.facebook.com
04-26 01:43:47.985 22053 25904 W secondary_dns: java.io.IOException: sendto failed: EPERM (Operation not permitted)
04-26 01:43:47.985 22053 25904 W secondary_dns: 	at libcore.io.IoBridge.maybeThrowAfterSendto(IoBridge.java:721)
04-26 01:43:47.985 22053 25904 W secondary_dns: 	at libcore.io.IoBridge.sendto(IoBridge.java:688)
04-26 01:43:47.985 22053 25904 W secondary_dns: 	at java.net.PlainDatagramSocketImpl.send(PlainDatagramSocketImpl.java:126)
04-26 01:43:47.985 22053 25904 W secondary_dns: 	at java.net.DatagramSocket.send(DatagramSocket.java:723)
04-26 01:43:47.985 22053 25904 W secondary_dns: 	at X.0Fnu.A00(Unknown Source:534)
04-26 01:43:47.985 22053 25904 W secondary_dns: 	at X.06PT.call(Unknown Source:6)
04-26 01:43:47.985 22053 25904 W secondary_dns: 	at java.util.concurrent.FutureTask.run(FutureTask.java:317)
04-26 01:43:47.985 22053 25904 W secondary_dns: 	at X.00GY.run(Unknown Source:2)
04-26 01:43:47.985 22053 25904 W secondary_dns: 	at X.01ms.run(:25)
04-26 01:43:47.985 22053 25904 W secondary_dns: 	at java.util.concurrent.ThreadPoolExecutor.runWorker(ThreadPoolExecutor.java:1154)
04-26 01:43:47.985 22053 25904 W secondary_dns: 	at java.util.concurrent.ThreadPoolExecutor$Worker.run(ThreadPoolExecutor.java:652)
04-26 01:43:47.985 22053 25904 W secondary_dns: 	at X.01mx.run(:113)
04-26 01:43:47.985 22053 25904 W secondary_dns: 	at java.lang.Thread.run(Thread.java:1563)
04-26 01:43:47.985 22053 25904 W secondary_dns: 	at X.01my.run(:8)
04-26 01:43:47.985 22053 25904 W secondary_dns: Caused by: android.system.ErrnoException: sendto failed: EPERM (Operation not permitted)
04-26 01:43:47.985 22053 25904 W secondary_dns: 	at libcore.io.Linux.sendtoBytes(Native Method)
04-26 01:43:47.985 22053 25904 W secondary_dns: 	at libcore.io.Linux.sendto(Linux.java:276)
04-26 01:43:47.985 22053 25904 W secondary_dns: 	at libcore.io.ForwardingOs.sendto(ForwardingOs.java:729)
04-26 01:43:47.985 22053 25904 W secondary_dns: 	at libcore.io.BlockGuardOs.sendto(BlockGuardOs.java:398)
04-26 01:43:47.985 22053 25904 W secondary_dns: 	at libcore.io.ForwardingOs.sendto(ForwardingOs.java:729)
04-26 01:43:47.985 22053 25904 W secondary_dns: 	at libcore.io.IoBridge.sendto(IoBridge.java:686)
04-26 01:43:47.985 22053 25904 W secondary_dns: 	... 12 more
04-26 01:43:47.987 22053 25904 W X.0FpQ  : Exception thrown during refresh
04-26 01:43:47.987 22053 25904 W X.0FpQ  : java.util.concurrent.ExecutionException: java.net.UnknownHostException: I/O Exception while trying to resolve z-p42-chat-e2ee-ig.facebook.com
04-26 01:43:47.987 22053 25904 W X.0FpQ  : 	at com.google.common.util.concurrent.AbstractFuture.A03(Unknown Source:21)
04-26 01:43:47.987 22053 25904 W X.0FpQ  : 	at com.google.common.util.concurrent.AbstractFuture.get(:268435506)
04-26 01:43:47.987 22053 25904 W X.0FpQ  : 	at X.02yi.A00(:1)
04-26 01:43:47.987 22053 25904 W X.0FpQ  : 	at X.0FwQ.A06(Unknown Source:0)
04-26 01:43:47.987 22053 25904 W X.0FpQ  : 	at X.06PW.run(Unknown Source:10)
04-26 01:43:47.987 22053 25904 W X.0FpQ  : 	at X.02yv.execute(:0)
04-26 01:43:47.987 22053 25904 W X.0FpQ  : 	at com.google.common.util.concurrent.AbstractFuture.A06(Unknown Source:0)
04-26 01:43:47.987 22053 25904 W X.0FpQ  : 	at com.google.common.util.concurrent.AbstractFuture.A05(Unknown Source:88)
04-26 01:43:47.987 22053 25904 W X.0FpQ  : 	at com.google.common.util.concurrent.AbstractFuture.setException(Unknown Source:20)
04-26 01:43:47.987 22053 25904 W X.0FpQ  : 	at X.04MO.run(Unknown Source:90)
04-26 01:43:47.987 22053 25904 W X.0FpQ  : 	at X.02yv.execute(:0)
04-26 01:43:47.987 22053 25904 W X.0FpQ  : 	at X.09Qp.A00(Unknown Source:0)
04-26 01:43:47.987 22053 25904 W X.0FpQ  : 	at X.09Qp.A01(Unknown Source:31)
04-26 01:43:47.987 22053 25904 W X.0FpQ  : 	at X.06PU.done(Unknown Source:2)
04-26 01:43:47.987 22053 25904 W X.0FpQ  : 	at java.util.concurrent.FutureTask.finishCompletion(FutureTask.java:434)
04-26 01:43:47.987 22053 25904 W X.0FpQ  : 	at java.util.concurrent.FutureTask.setException(FutureTask.java:303)
04-26 01:43:47.987 22053 25904 W X.0FpQ  : 	at java.util.concurrent.FutureTask.run(FutureTask.java:322)
04-26 01:43:47.987 22053 25904 W X.0FpQ  : 	at X.00GY.run(Unknown Source:2)
04-26 01:43:47.987 22053 25904 W X.0FpQ  : 	at X.01ms.run(:25)
04-26 01:43:47.987 22053 25904 W X.0FpQ  : 	at java.util.concurrent.ThreadPoolExecutor.runWorker(ThreadPoolExecutor.java:1154)
04-26 01:43:47.987 22053 25904 W X.0FpQ  : 	at java.util.concurrent.ThreadPoolExecutor$Worker.run(ThreadPoolExecutor.java:652)
04-26 01:43:47.987 22053 25904 W X.0FpQ  : 	at X.01mx.run(:113)
04-26 01:43:47.987 22053 25904 W X.0FpQ  : 	at java.lang.Thread.run(Thread.java:1563)
04-26 01:43:47.987 22053 25904 W X.0FpQ  : 	at X.01my.run(:8)
04-26 01:43:47.987 22053 25904 W X.0FpQ  : Caused by: java.net.UnknownHostException: I/O Exception while trying to resolve z-p42-chat-e2ee-ig.facebook.com
04-26 01:43:47.987 22053 25904 W X.0FpQ  : 	at X.0Fnu.A00(Unknown Source:1315)
04-26 01:43:47.987 22053 25904 W X.0FpQ  : 	at X.06PT.call(Unknown Source:6)
04-26 01:43:47.987 22053 25904 W X.0FpQ  : 	at java.util.concurrent.FutureTask.run(FutureTask.java:317)
04-26 01:43:47.987 22053 25904 W X.0FpQ  : 	... 7 more
04-26 01:43:48.029 22053 22188 E msys    : E[N mns:DGWClient]_OnDiskCacheGetData(1091)=>Start post callback cache refresh DNS resolution
04-26 01:43:48.037 22053 22188 E msys    : E[N mns:DGWClient]_LogError(280)=>Failed to resolve using system DNS resolver, getaddrinfo(): No address associated with hostname
04-26 01:43:48.205 22053 22188 E msys    : E[N mns:DGWClient]_OnDiskCacheGetData(1091)=>Start post callback cache refresh DNS resolution
04-26 01:43:48.214 22053 22188 E msys    : E[N mns:DGWClient]_LogError(280)=>Failed to resolve using system DNS resolver, getaddrinfo(): No address associated with hostname
04-26 01:43:48.808  2206  9718 I FontLog : (REDACTED) Received query %s, URI %s
04-26 01:43:48.808  2206  9881 I FontLog : (REDACTED) Received query %s, URI %s
04-26 01:43:48.808  2206  9718 I FontLog : (REDACTED) Query [%s] resolved to %s
04-26 01:43:48.808  2206  9881 I FontLog : (REDACTED) Query [%s] resolved to %s
04-26 01:43:48.812  2206  9718 I FontLog : (REDACTED) Fetch %s end status %s
04-26 01:43:48.813  2206  9881 I FontLog : (REDACTED) Fetch %s end status %s
04-26 01:43:48.816  2206  9881 I FontLog : (REDACTED) Pulling font file for id = %d, cache size = %d
04-26 01:43:48.819  2206  9881 I FontLog : (REDACTED) Pulling font file for id = %d, cache size = %d
04-26 01:43:48.848  2206  9718 I FontLog : (REDACTED) Pulling font file for id = %d, cache size = %d
04-26 01:43:48.848  2206  9718 I FontLog : (REDACTED) Pulling font file for id = %d, cache size = %d
04-26 01:43:48.945 22053 22188 E msys    : E[N mns:DGWClient]_OnDiskCacheGetData(1091)=>Start post callback cache refresh DNS resolution
04-26 01:43:48.951 22053 22188 E msys    : E[N mns:DGWClient]_LogError(280)=>Failed to resolve using system DNS resolver, getaddrinfo(): No address associated with hostname
04-26 01:43:49.027  2206 28167 E IPCThreadState: Process seems to be sending too many oneway calls.
04-26 01:43:49.311  2206 28167 E oneway spamming:   #00 pc 0000000000065ce8  /system/lib64/libbinder.so (android::BpBinder::transact(unsigned int, android::Parcel const&, android::Parcel*, unsigned int)+168) (BuildId: e6789d7a053384b012bb31ba99f3834a)
04-26 01:43:49.311  2206 28167 E oneway spamming:   #01 pc 00000000001a6be8  /system/lib64/libandroid_runtime.so (android_os_BinderProxy_transact(_JNIEnv*, _jobject*, int, _jobject*, _jobject*, int)+152) (BuildId: 635d7301f9bd1eff559880fa80d7c2af)
04-26 01:43:49.311  2206 28167 E oneway spamming:   #02 pc 000000000194305c  /data/misc/apexdata/com.android.art/dalvik-cache/arm64/boot.oat (art_jni_trampoline+140)
04-26 01:43:49.311  2206 28167 E oneway spamming:   #03 pc 0000000000e9e36c  /data/misc/apexdata/com.android.art/dalvik-cache/arm64/boot.oat (android.os.BinderProxy.transact+1260)
04-26 01:43:49.311  2206 28167 E oneway spamming:   #04 pc 00000000019c3f58  /data/app/~~PYnKU5Z599psWWlvPhrNLw==/com.google.android.gms-FH-toDp1zafYzagLL2dA_Q==/oat/arm64/base.odex (ezna.g+472)
04-26 01:43:49.311  2206 28167 E oneway spamming:   #05 pc 00000000023b9030  /data/app/~~PYnKU5Z599psWWlvPhrNLw==/com.google.android.gms-FH-toDp1zafYzagLL2dA_Q==/oat/arm64/base.odex (ezog.i+176)
04-26 01:43:49.311  2206 28167 E oneway spamming:   #06 pc 0000000000b62f80  /data/app/~~PYnKU5Z599psWWlvPhrNLw==/com.google.android.gms-FH-toDp1zafYzagLL2dA_Q==/oat/arm64/base.odex (eznp.h+368)
04-26 01:43:49.311  2206 28167 E oneway spamming:   #07 pc 0000000000b62d44  /data/app/~~PYnKU5Z599psWWlvPhrNLw==/com.google.android.gms-FH-toDp1zafYzagLL2dA_Q==/oat/arm64/base.odex (eznp.f+244)
04-26 01:43:49.311  2206 28167 E oneway spamming:   #08 pc 00000000009e0344  /data/app/~~PYnKU5Z599psWWlvPhrNLw==/com.google.android.gms-FH-toDp1zafYzagLL2dA_Q==/oat/arm64/base.odex (cwyw.fF+52)
04-26 01:43:49.311  2206 28167 E oneway spamming:   #09 pc 0000000000b18b34  /data/app/~~PYnKU5Z599psWWlvPhrNLw==/com.google.android.gms-FH-toDp1zafYzagLL2dA_Q==/oat/arm64/base.odex (cwzh.run+1748)
04-26 01:43:49.311  2206 28167 E oneway spamming:   #10 pc 0000000000c86648  /data/app/~~PYnKU5Z599psWWlvPhrNLw==/com.google.android.gms-FH-toDp1zafYzagLL2dA_Q==/oat/arm64/base.odex (halr.run+760)
04-26 01:43:49.311  2206 28167 E oneway spamming:   #11 pc 0000000000a5dadc  /data/app/~~PYnKU5Z599psWWlvPhrNLw==/com.google.android.gms-FH-toDp1zafYzagLL2dA_Q==/oat/arm64/base.odex (bjnb.c+300)
04-26 01:43:49.311  2206 28167 E oneway spamming:   #12 pc 0000000000a5e48c  /data/app/~~PYnKU5Z599psWWlvPhrNLw==/com.google.android.gms-FH-toDp1zafYzagLL2dA_Q==/oat/arm64/base.odex (bjnb.run+1548)
04-26 01:43:49.311  2206 28167 E oneway spamming:   #13 pc 00000000006cc724  /data/misc/apexdata/com.android.art/dalvik-cache/arm64/boot.oat (java.util.concurrent.ThreadPoolExecutor.runWorker+1044)
04-26 01:43:49.311  2206 28167 E oneway spamming:   #14 pc 00000000006d1230  /data/misc/apexdata/com.android.art/dalvik-cache/arm64/boot.oat (java.util.concurrent.ThreadPoolExecutor$Worker.run+64)
04-26 01:43:49.311  2206 28167 E oneway spamming:   #15 pc 00000000016421d8  /data/app/~~PYnKU5Z599psWWlvPhrNLw==/com.google.android.gms-FH-toDp1zafYzagLL2dA_Q==/oat/arm64/base.odex (bjss.run+88)
04-26 01:43:49.311  2206 28167 E oneway spamming:   #16 pc 000000000053e058  /data/misc/apexdata/com.android.art/dalvik-cache/arm64/boot.oat (java.lang.Thread.run+72)
04-26 01:43:49.311  2206 28167 E oneway spamming:   #17 pc 00000000002cdd94  /apex/com.android.art/lib64/libart.so (art_quick_invoke_stub+612) (BuildId: be34fbe63ff357beb403f9cb39923ea7)
04-26 01:43:49.311  2206 28167 E oneway spamming:   #18 pc 000000000026e624  /apex/com.android.art/lib64/libart.so (art::ArtMethod::Invoke(art::Thread*, unsigned int*, unsigned int, art::JValue*, char const*)+220) (BuildId: be34fbe63ff357beb403f9cb39923ea7)
04-26 01:43:49.311  2206 28167 E oneway spamming:   #19 pc 00000000004c3f30  /apex/com.android.art/lib64/libart.so (art::Thread::CreateCallback(void*)+1184) (BuildId: be34fbe63ff357beb403f9cb39923ea7)
04-26 01:43:49.311  2206 28167 E oneway spamming:   #20 pc 00000000000bc37c  /apex/com.android.runtime/lib64/bionic/libc.so (__pthread_start(void*)+220) (BuildId: 0f222e2a58494f70cc94744d361eaf74)
04-26 01:43:49.312  2206 28167 E oneway spamming:   #21 pc 00000000000ad600  /apex/com.android.runtime/lib64/bionic/libc.so (__start_thread+64) (BuildId: 0f222e2a58494f70cc94744d361eaf74)
04-26 01:43:49.312  2206 28167 W BpBinder: Large outgoing transaction of 455988 bytes, interface descriptor , code 4
04-26 01:43:49.915 13241 15278 D VivoJavaJsonManager: failed to find appName:com.google.android.gms from config key:mProtakePackages
04-26 01:43:49.916 28998 29204 D VivoJavaJsonManager: failed to find appName:com.vivo.vivo3rdalgoservice from config key:mProtakePackages
04-26 01:43:50.572 29701 29701 W libc    : Access denied finding property "persist.log.file.process"
04-26 01:43:50.574 29701 29701 E HidlServiceManagement: Service vendor.vivo.hardware.biometrics.analysis@1.1::IAnalysis/default must be in VINTF manifest in order to register/get.
04-26 01:43:51.902 13241 13241 D BoundBrokerSvc: onUnbind: Intent { act=com.google.android.gms.onboardingconsent.api.ConsentManagerApiService.START dat=chimera-action:/... cmp=com.google.android.gms/.chimera.GmsApiService }
04-26 01:43:53.229  2206  9718 I NullBinder: NullBinder for android.net.action.RECOMMEND_NETWORKS triggering remote TransactionTooLargeException due to Service without Chimera impl, calling uid: 1000, calling pid: 0
04-26 01:43:53.229  2206  9718 W .gms.persistent: Large reply transaction of 1056768 bytes, interface descriptor , code 1
04-26 01:43:53.236  2206  9718 I NullBinder: NullBinder for android.net.action.RECOMMEND_NETWORKS triggering remote TransactionTooLargeException due to Service without Chimera impl, calling uid: 1000, calling pid: 0
04-26 01:43:53.236  2206  9718 W .gms.persistent: Large reply transaction of 1056768 bytes, interface descriptor , code 1
04-26 01:43:53.238  2206  9718 I NullBinder: NullBinder for android.net.action.RECOMMEND_NETWORKS triggering remote TransactionTooLargeException due to Service without Chimera impl, calling uid: 1000, calling pid: 0
04-26 01:43:53.238  2206  9718 W .gms.persistent: Large reply transaction of 1056768 bytes, interface descriptor , code 1
04-26 01:43:53.655  2206  2206 I NearbyDiscovery: (REDACTED) FastPairDisplayObserver: %s -> %s
04-26 01:43:53.656  2206  9723 I NearbyDiscovery: (REDACTED) PureOffloadFastPairScanner: eventType=%s, isInternalReq=%s, isScanning=%s, isScanningAllowed=%s
04-26 01:43:53.672  8889  8889 I PkDeviceHelper: PkDeviceHelper.refreshDevices():87 refreshing devices
04-26 01:43:53.674  8889  8889 I PkDeviceHelper: PkDeviceHelper.refreshDevices():87 refreshing devices
04-26 01:43:53.680  2206  9723 I NearbyDiscovery: (REDACTED) ApFastPairScanner: isScreenOn=%s, isLocationEnabled=%s, disableLocationRequirement=%s, isDiscoveryScanningEnabled=%s, during24GhzWifiWarmingUpPeriod=%s
04-26 01:43:53.680  2206  9723 D BluetoothAdapter: isLeEnabled(): BLE_ON
04-26 01:43:53.681  2206  9723 I NearbyDiscovery: (REDACTED) ApFastPairScanner: eventType=%s, intReq=%s, scanning=%s, scanAllowed=%s, bleEnabled=%s, lockScanRate=%s, startScanningByLowPowerMode=%s
04-26 01:43:53.681  2206  9723 I NearbyDiscovery: (REDACTED) ApFastPairScanner: Stopping scan, %s
04-26 01:43:53.681  2206  9723 D BluetoothAdapter: isLeEnabled(): BLE_ON
04-26 01:43:53.728  2206 17426 I NearbySharing: Network state changed: NetworkState(isRestricted=false, isOnline=true, isCongested=false, isMetered=false, isWifiConnected=true)
04-26 01:43:53.983  8889 29712 I DeviceStatusMonitor: DeviceStatusMonitor.handleBroadcast():135 onReceive() : Action = android.intent.action.SCREEN_OFF
04-26 01:43:53.983  8889 29712 I DeviceStatusMonitor: DeviceStatusMonitor.updateCountryInfo():151 updateCountryInfo(), notifyAnyway = false
04-26 01:43:53.987  8889  8889 I Module  : DeviceLockedStatusModuleProvider$Module.updateDeviceLockedStatus():103 repeatCheckTimes = 0, locked = true
04-26 01:43:53.987  8889  8889 I InputBundle: InputBundle.consumeEvent():1047 Skip consuming an event as imeStatus is INACTIVE
04-26 01:43:53.988  8889  8889 I InputBundle: InputBundle.switchToKeyboardDirectly():529 switchToKeyboardDirectly(): ocu[keyboardType=prime, payload=null]
04-26 01:43:53.988  8889  8889 I InputBundle: InputBundle.switchToKeyboardDirectly():529 switchToKeyboardDirectly(): ocu[keyboardType=prime, payload=null]
04-26 01:43:53.988  8889  8889 I InputBundle: InputBundle.switchToKeyboardDirectly():529 switchToKeyboardDirectly(): ocu[keyboardType=prime, payload=null]
04-26 01:43:53.989  8889  8889 I InputBundle: InputBundle.switchToKeyboardDirectly():529 switchToKeyboardDirectly(): ocu[keyboardType=prime, payload=null]
04-26 01:43:53.989  8889  8889 I InputBundle: InputBundle.switchToKeyboardDirectly():529 switchToKeyboardDirectly(): ocu[keyboardType=prime, payload=null]
04-26 01:43:53.989  8889  8889 I InputBundle: InputBundle.switchToKeyboardDirectly():529 switchToKeyboardDirectly(): ocu[keyboardType=prime, payload=null]
04-26 01:43:54.021  2206  9558 I ActivityScheduler: nextTriggerTime: 63202893, in 192860ms, detectorType: 39, FULL_TYPE alarmWindowMillis: 100000
04-26 01:43:54.024  2206  9723 I NearbyDiscovery: (REDACTED) FastPairHandler: Received action %s
04-26 01:43:54.024  2206  9723 I NearbyDiscovery: (REDACTED) PureOffloadFastPairScanner: eventType=%s, isInternalReq=%s, isScanning=%s, isScanningAllowed=%s
04-26 01:43:54.025  2206  9723 I NearbyDiscovery: (REDACTED) ApFastPairScanner: isScreenOn=%s, isLocationEnabled=%s, disableLocationRequirement=%s, isDiscoveryScanningEnabled=%s, during24GhzWifiWarmingUpPeriod=%s
04-26 01:43:54.026  2206  9723 D BluetoothAdapter: isLeEnabled(): BLE_ON
04-26 01:43:54.026  2206  9723 I NearbyDiscovery: (REDACTED) ApFastPairScanner: eventType=%s, intReq=%s, scanning=%s, scanAllowed=%s, bleEnabled=%s, lockScanRate=%s, startScanningByLowPowerMode=%s
04-26 01:43:54.027  2206  9723 I NearbyDiscovery: FastPairController: onSystemStateChanged: skip due to flag disabled [CONTEXT service_id=265 ]
04-26 01:43:54.042  2206  2206 I BatchScanningManager: (REDACTED) Starting batch scanner in %d seconds.
04-26 01:43:54.055 22053 22188 E msys    : E[N mns:DGWClient]_OnDiskCacheGetData(1091)=>Start post callback cache refresh DNS resolution
04-26 01:43:54.060 22053 22188 E msys    : E[N mns:DGWClient]_LogError(280)=>Failed to resolve using system DNS resolver, getaddrinfo(): No address associated with hostname
04-26 01:43:54.061 22053 22188 E msys    : E[N mns:DGWClient]_OnDiskCacheGetData(1091)=>Start post callback cache refresh DNS resolution
04-26 01:43:54.063 22053 22188 E msys    : E[N mns:DGWClient]_LogError(280)=>Failed to resolve using system DNS resolver, getaddrinfo(): No address associated with hostname
04-26 01:43:55.018 22053 22188 E msys    : E[N mns:DGWClient]_OnDiskCacheGetData(1091)=>Start post callback cache refresh DNS resolution
04-26 01:43:55.024 22053 22188 E msys    : E[N mns:DGWClient]_LogError(280)=>Failed to resolve using system DNS resolver, getaddrinfo(): No address associated with hostname
04-26 01:43:55.053  1759  1898 V BatteryStatsService: In wakeup_callback: suspend aborted
04-26 01:43:55.053  1759  1865 V BatteryStatsService: Reading wakeup reasons
04-26 01:43:55.053  1759  1865 V BatteryStatsService: Got 1 reasons
04-26 01:43:55.055  1759  1865 V BatteryStatsService: Waiting for wakeup...
04-26 01:43:55.151 22053 22188 E msys    : E[N mns:DGWClient]_OnDiskCacheGetData(1091)=>Start post callback cache refresh DNS resolution
04-26 01:43:55.162 22053 22188 E msys    : E[N mns:DGWClient]_LogError(280)=>Failed to resolve using system DNS resolver, getaddrinfo(): No address associated with hostname
04-26 01:43:55.563  2206  2206 D BoundBrokerSvc: onRebind: Intent { act=com.google.android.gms.time.trustedtime.service.START dat=chimera-action:/... cmp=com.google.android.gms/.chimera.PersistentDirectBootAwareApiService }
04-26 01:43:55.582  1759  1898 V BatteryStatsService: In wakeup_callback: suspend aborted
04-26 01:43:55.582  1759  1865 V BatteryStatsService: Reading wakeup reasons
04-26 01:43:55.582  1759  1865 V BatteryStatsService: Got 1 reasons
04-26 01:43:55.583  1759  1865 V BatteryStatsService: Waiting for wakeup...
04-26 01:43:55.597  2206  2206 D BoundBrokerSvc: onBind: Intent { act=com.google.android.gms.time.trustedtime.singleuserapi.service.START dat=chimera-action:/... cmp=com.google.android.gms/.chimera.PersistentSingleUserInternalApiService }
04-26 01:43:55.597  2206  2206 D BoundBrokerSvc: Loading bound service for intent: Intent { act=com.google.android.gms.time.trustedtime.singleuserapi.service.START dat=chimera-action:/... cmp=com.google.android.gms/.chimera.PersistentSingleUserInternalApiService }
04-26 01:43:55.619  2206  2206 D BoundBrokerSvc: onRebind: Intent { act=com.google.android.gms.common.telemetry.service.START dat=chimera-action:/... cmp=com.google.android.gms/.chimera.PersistentApiService }
04-26 01:43:55.910 22053 22188 E msys    : E[N mns:DGWClient]_OnDiskCacheGetData(1091)=>Start post callback cache refresh DNS resolution
04-26 01:43:55.919 22053 22188 E msys    : E[N mns:DGWClient]_LogError(280)=>Failed to resolve using system DNS resolver, getaddrinfo(): No address associated with hostname
04-26 01:43:56.488 22053 22188 E msys    : E[N mns:DGWClient]_OnDiskCacheGetData(1091)=>Start post callback cache refresh DNS resolution
04-26 01:43:56.494 22053 22188 E msys    : E[N mns:DGWClient]_LogError(280)=>Failed to resolve using system DNS resolver, getaddrinfo(): No address associated with hostname
04-26 01:43:58.017  1759  2542 V BatteryStatsService: In wakeup_callback: resumed from suspend
04-26 01:43:58.017  1759  1865 V BatteryStatsService: Reading wakeup reasons
04-26 01:43:58.017  1759  1865 V BatteryStatsService: Got 1 reasons
04-26 01:43:58.018  1759  1865 V BatteryStatsService: Waiting for wakeup...
04-26 01:43:58.252 22053 25239 E msys    : E[N mccw.liger]onConnectError(579)=>connect/error - address: 57.144.148.36, port: 5222, ex: folly::AsyncSocketException: AsyncSocketException: connect timed out after 9999ms, type = Timed out
04-26 01:43:58.501 22053 25239 E msys    : E[N mccw.liger]onConnectError(579)=>connect/error - address: 57.144.148.36, port: 443, ex: folly::AsyncSocketException: AsyncSocketException: connect timed out after 9999ms, type = Timed out
04-26 01:43:59.965  1759  2523 V BatteryStatsService: In wakeup_callback: resumed from suspend
04-26 01:43:59.965  1759  1865 V BatteryStatsService: Reading wakeup reasons
04-26 01:43:59.965  1759  1865 V BatteryStatsService: Got 1 reasons
04-26 01:43:59.967  1759  1865 V BatteryStatsService: Waiting for wakeup...
04-26 01:44:00.264  1759  2523 V BatteryStatsService: In wakeup_callback: suspend aborted
04-26 01:44:00.264  1759  1865 V BatteryStatsService: Reading wakeup reasons
04-26 01:44:00.264  1759  1865 V BatteryStatsService: Got 1 reasons
04-26 01:44:00.265  1759  1865 V BatteryStatsService: Waiting for wakeup...
04-26 01:44:01.687  1759  2523 V BatteryStatsService: In wakeup_callback: suspend aborted
04-26 01:44:01.688  1759  1865 V BatteryStatsService: Reading wakeup reasons
04-26 01:44:01.688  1759  1865 V BatteryStatsService: Got 1 reasons
04-26 01:44:01.689  1759  1865 V BatteryStatsService: Waiting for wakeup...
04-26 01:44:01.853  2206  2206 D BoundBrokerSvc: onUnbind: Intent { act=com.google.android.gms.common.telemetry.service.START dat=chimera-action:/... cmp=com.google.android.gms/.chimera.PersistentApiService }
04-26 01:44:02.593  1759  2523 V BatteryStatsService: In wakeup_callback: suspend aborted
04-26 01:44:02.593  1759  1865 V BatteryStatsService: Reading wakeup reasons
04-26 01:44:02.593  1759  1865 V BatteryStatsService: Got 1 reasons
04-26 01:44:02.594  1759  1865 V BatteryStatsService: Waiting for wakeup...
04-26 01:44:03.067  2206  2206 D BoundBrokerSvc: onUnbind: Intent { act=com.google.android.gms.findmydevice.spot.service.locationreport.START dat=chimera-action:/... cmp=com.google.android.gms/.chimera.PersistentApiService }
04-26 01:44:04.773  1759  2523 V BatteryStatsService: In wakeup_callback: resumed from suspend
04-26 01:44:04.773  1759  1865 V BatteryStatsService: Reading wakeup reasons
04-26 01:44:04.774  1759  1865 V BatteryStatsService: Got 1 reasons
04-26 01:44:04.774  1759  1865 V BatteryStatsService: Waiting for wakeup...
04-26 01:44:05.078  1759  2523 V BatteryStatsService: In wakeup_callback: suspend aborted
04-26 01:44:05.078  1759  1865 V BatteryStatsService: Reading wakeup reasons
04-26 01:44:05.078  1759  1865 V BatteryStatsService: Got 1 reasons
04-26 01:44:05.079  1759  1865 V BatteryStatsService: Waiting for wakeup...
04-26 01:44:06.696  1759  2523 V BatteryStatsService: In wakeup_callback: resumed from suspend
04-26 01:44:06.696  1759  1865 V BatteryStatsService: Reading wakeup reasons
04-26 01:44:06.696  1759  1865 V BatteryStatsService: Got 1 reasons
04-26 01:44:06.697  1759  1865 V BatteryStatsService: Waiting for wakeup...
04-26 01:44:07.048 13241 13241 D BoundBrokerSvc: onBind: Intent { act=com.google.android.gms.auth.service.START pkg=com.google.android.gms }
04-26 01:44:07.049 13241 13241 D BoundBrokerSvc: Loading bound service for intent: Intent { act=com.google.android.gms.auth.service.START pkg=com.google.android.gms }
04-26 01:44:07.126  2206 11638 I NearbyPresence: (REDACTED) %s verified [==] new request %s equals to the old request
04-26 01:44:07.148 13241 13241 D BoundBrokerSvc: onBind: Intent { act=com.google.android.gms.notifications.capping.api.NotificationsCappingApiService.START dat=chimera-action:/... cmp=com.google.android.gms/.chimera.GmsApiService }
04-26 01:44:07.148 13241 13241 D BoundBrokerSvc: Loading bound service for intent: Intent { act=com.google.android.gms.notifications.capping.api.NotificationsCappingApiService.START dat=chimera-action:/... cmp=com.google.android.gms/.chimera.GmsApiService }
04-26 01:44:07.275  2206 28167 E IPCThreadState: Process seems to be sending too many oneway calls.
04-26 01:44:07.393  2206  2206 D BoundBrokerSvc: onRebind: Intent { act=com.google.android.gms.common.telemetry.service.START dat=chimera-action:/... cmp=com.google.android.gms/.chimera.PersistentApiService }
04-26 01:44:07.411  2206 28167 E oneway spamming:   #00 pc 0000000000065ce8  /system/lib64/libbinder.so (android::BpBinder::transact(unsigned int, android::Parcel const&, android::Parcel*, unsigned int)+168) (BuildId: e6789d7a053384b012bb31ba99f3834a)
04-26 01:44:07.412  2206 28167 E oneway spamming:   #01 pc 00000000001a6be8  /system/lib64/libandroid_runtime.so (android_os_BinderProxy_transact(_JNIEnv*, _jobject*, int, _jobject*, _jobject*, int)+152) (BuildId: 635d7301f9bd1eff559880fa80d7c2af)
04-26 01:44:07.412  2206 28167 E oneway spamming:   #02 pc 000000000194305c  /data/misc/apexdata/com.android.art/dalvik-cache/arm64/boot.oat (art_jni_trampoline+140)
04-26 01:44:07.412  2206 28167 E oneway spamming:   #03 pc 0000000000e9e36c  /data/misc/apexdata/com.android.art/dalvik-cache/arm64/boot.oat (android.os.BinderProxy.transact+1260)
04-26 01:44:07.412  2206 28167 E oneway spamming:   #04 pc 00000000019c3f58  /data/app/~~PYnKU5Z599psWWlvPhrNLw==/com.google.android.gms-FH-toDp1zafYzagLL2dA_Q==/oat/arm64/base.odex (ezna.g+472)
04-26 01:44:07.412  2206 28167 E oneway spamming:   #05 pc 00000000023b9030  /data/app/~~PYnKU5Z599psWWlvPhrNLw==/com.google.android.gms-FH-toDp1zafYzagLL2dA_Q==/oat/arm64/base.odex (ezog.i+176)
04-26 01:44:07.412  2206 28167 E oneway spamming:   #06 pc 0000000000b62f80  /data/app/~~PYnKU5Z599psWWlvPhrNLw==/com.google.android.gms-FH-toDp1zafYzagLL2dA_Q==/oat/arm64/base.odex (eznp.h+368)
04-26 01:44:07.412  2206 28167 E oneway spamming:   #07 pc 0000000000b62d44  /data/app/~~PYnKU5Z599psWWlvPhrNLw==/com.google.android.gms-FH-toDp1zafYzagLL2dA_Q==/oat/arm64/base.odex (eznp.f+244)
04-26 01:44:07.412  2206 28167 E oneway spamming:   #08 pc 00000000009e0344  /data/app/~~PYnKU5Z599psWWlvPhrNLw==/com.google.android.gms-FH-toDp1zafYzagLL2dA_Q==/oat/arm64/base.odex (cwyw.fF+52)
04-26 01:44:07.412  2206 28167 E oneway spamming:   #09 pc 0000000000b18b34  /data/app/~~PYnKU5Z599psWWlvPhrNLw==/com.google.android.gms-FH-toDp1zafYzagLL2dA_Q==/oat/arm64/base.odex (cwzh.run+1748)
04-26 01:44:07.412  2206 28167 E oneway spamming:   #10 pc 0000000000c86648  /data/app/~~PYnKU5Z599psWWlvPhrNLw==/com.google.android.gms-FH-toDp1zafYzagLL2dA_Q==/oat/arm64/base.odex (halr.run+760)
04-26 01:44:07.412  2206 28167 E oneway spamming:   #11 pc 0000000000a5dadc  /data/app/~~PYnKU5Z599psWWlvPhrNLw==/com.google.android.gms-FH-toDp1zafYzagLL2dA_Q==/oat/arm64/base.odex (bjnb.c+300)
04-26 01:44:07.412  2206 28167 E oneway spamming:   #12 pc 0000000000a5e48c  /data/app/~~PYnKU5Z599psWWlvPhrNLw==/com.google.android.gms-FH-toDp1zafYzagLL2dA_Q==/oat/arm64/base.odex (bjnb.run+1548)
04-26 01:44:07.412  2206 28167 E oneway spamming:   #13 pc 00000000006cc724  /data/misc/apexdata/com.android.art/dalvik-cache/arm64/boot.oat (java.util.concurrent.ThreadPoolExecutor.runWorker+1044)
04-26 01:44:07.412  2206 28167 E oneway spamming:   #14 pc 00000000006d1230  /data/misc/apexdata/com.android.art/dalvik-cache/arm64/boot.oat (java.util.concurrent.ThreadPoolExecutor$Worker.run+64)
04-26 01:44:07.412  2206 28167 E oneway spamming:   #15 pc 00000000016421d8  /data/app/~~PYnKU5Z599psWWlvPhrNLw==/com.google.android.gms-FH-toDp1zafYzagLL2dA_Q==/oat/arm64/base.odex (bjss.run+88)
04-26 01:44:07.412  2206 28167 E oneway spamming:   #16 pc 000000000053e058  /data/misc/apexdata/com.android.art/dalvik-cache/arm64/boot.oat (java.lang.Thread.run+72)
04-26 01:44:07.412  2206 28167 E oneway spamming:   #17 pc 00000000002cdd94  /apex/com.android.art/lib64/libart.so (art_quick_invoke_stub+612) (BuildId: be34fbe63ff357beb403f9cb39923ea7)
04-26 01:44:07.412  2206 28167 E oneway spamming:   #18 pc 000000000026e624  /apex/com.android.art/lib64/libart.so (art::ArtMethod::Invoke(art::Thread*, unsigned int*, unsigned int, art::JValue*, char const*)+220) (BuildId: be34fbe63ff357beb403f9cb39923ea7)
04-26 01:44:07.412  2206 28167 E oneway spamming:   #19 pc 00000000004c3f30  /apex/com.android.art/lib64/libart.so (art::Thread::CreateCallback(void*)+1184) (BuildId: be34fbe63ff357beb403f9cb39923ea7)
04-26 01:44:07.412  2206 28167 E oneway spamming:   #20 pc 00000000000bc37c  /apex/com.android.runtime/lib64/bionic/libc.so (__pthread_start(void*)+220) (BuildId: 0f222e2a58494f70cc94744d361eaf74)
04-26 01:44:07.412  2206 28167 E oneway spamming:   #21 pc 00000000000ad600  /apex/com.android.runtime/lib64/bionic/libc.so (__start_thread+64) (BuildId: 0f222e2a58494f70cc94744d361eaf74)
04-26 01:44:07.412  2206 28167 W BpBinder: Large outgoing transaction of 455988 bytes, interface descriptor , code 4
04-26 01:44:07.553  2206  4083 I .gms.persistent: Background young concurrent copying GC freed 6396KB AllocSpace bytes, 14(632KB) LOS objects, 21% free, 24MB/30MB, paused 5.801ms,145us total 116.819ms
04-26 01:44:07.756 13241 13241 D BoundBrokerSvc: onBind: Intent { act=com.google.android.mobstore.service.START pkg=com.google.android.gms }
04-26 01:44:07.756 13241 13241 D BoundBrokerSvc: Loading bound service for intent: Intent { act=com.google.android.mobstore.service.START pkg=com.google.android.gms }
04-26 01:44:09.157  1759  1777 V BatteryStatsService: In wakeup_callback: resumed from suspend
04-26 01:44:09.158  1759  1865 V BatteryStatsService: Reading wakeup reasons
04-26 01:44:09.158  1759  1865 V BatteryStatsService: Got 1 reasons
04-26 01:44:09.159  1759  1865 V BatteryStatsService: Waiting for wakeup...
04-26 01:44:09.656  1759  1777 V BatteryStatsService: In wakeup_callback: suspend aborted
04-26 01:44:09.656  1759  1865 V BatteryStatsService: Reading wakeup reasons
04-26 01:44:09.656  1759  1865 V BatteryStatsService: Got 1 reasons
04-26 01:44:09.657  1759  1865 V BatteryStatsService: Waiting for wakeup...
